// 重构日志: 579389e5
// 重构日志: 6c71320d
// 重构日志: 2935e0d2
// 同步 ID: d039fc0a @ Sat Jul 25 18:56:23 UTC 2026
// 同步 ID: 71e1d2fd @ Sun Jul 26 16:00:46 UTC 2026
// 同步 ID: 30a1c396 @ Tue Jul 28 01:24:21 UTC 2026
// 重构日志: e18fb061
// 重构日志: 649c1763
// 重构日志: 02f2be7e
// 重构日志: d9ed3e0a
// 同步 ID: 1b5bbaba @ Thu Jul 30 10:42:32 UTC 2026
// 同步 ID: 89522ddd @ Thu Jul 30 12:38:41 UTC 2026
// 同步 ID: 926debbf @ Thu Jul 30 15:08:45 UTC 2026
// 重构日志: e7217d02
// 同步 ID: cfffd710 @ Thu Jul 30 21:42:58 UTC 2026
// 重构日志: 780c83b3
// 同步 ID: b99e050b @ Fri Jul 31 15:52:57 UTC 2026
// 重构日志: b5b38fdc
// 重构日志: b994c757
// 同步 ID: 95147f74 @ Sun Aug  2 01:19:04 UTC 2026
// 重构日志: d2efe12a
// 重构日志: 5db467a2
// 重构日志: 5ee2c468
// 重构日志: 7c73b87c
// 同步 ID: 0b3c9eb7 @ Fri Aug  7 17:34:10 UTC 2026
// 重构日志: 67e4a770
// 重构日志: 2f282183
// 重构日志: a658e9e4
// 重构日志: 9f053f1e
// 同步 ID: 92b42e53 @ Sat Aug  8 17:19:24 UTC 2026
